[debug] [2026-07-14T13:54:40.229Z] ----------------------------------------------------------------------
[debug] [2026-07-14T13:54:40.232Z] Command:       C:\nvm4w\nodejs\node.exe C:\Users\DELL\AppData\Roaming\npm\node_modules\firebase-tools\lib\bin\firebase.js login --reauth
[debug] [2026-07-14T13:54:40.232Z] CLI Version:   15.23.0
[debug] [2026-07-14T13:54:40.232Z] Platform:      win32
[debug] [2026-07-14T13:54:40.232Z] Node Version:  v20.11.0
[debug] [2026-07-14T13:54:40.233Z] Detected Agent: unknown
[debug] [2026-07-14T13:54:40.233Z] Time:          Tue Jul 14 2026 14:54:40 GMT+0100 (Hora padrão da África Ocidental)
[debug] [2026-07-14T13:54:40.233Z] ----------------------------------------------------------------------
[debug] 
[info] 
[info] Visit this URL on this device to log in:
[info] https://accounts.google.com/o/oauth2/auth?client_id=563584335869-fgrhgmd47bqnekij5i8b5pr03ho849e6.apps.googleusercontent.com&scope=email%20openid%20https%3A%2F%2Fwww.googleapis.com%2Fauth%2Fcloudplatformprojects.readonly%20https%3A%2F%2Fwww.googleapis.com%2Fauth%2Ffirebase%20https%3A%2F%2Fwww.googleapis.com%2Fauth%2Fcloud-platform&response_type=code&state=467819874&redirect_uri=http%3A%2F%2Flocalhost%3A9005
[info] 
[info] Waiting for authentication...
[debug] [2026-07-14T13:54:40.293Z] Error: spawn cmd ENOENT
    at ChildProcess._handle.onexit (node:internal/child_process:286:19)
    at onErrorNT (node:internal/child_process:484:16)
    at process.processTicksAndRejections (node:internal/process/task_queues:82:21)
[error] 
[error] Error: An unexpected error has occurred.
